====================================================
🧪 Running SyncSphere Verification Test Suite
====================================================

📌 Test Group 1: Issue #33 (Admin Workspace Unauthorized Link Removal)
  ✅ PASS: ProjectOversightPage does NOT contain unauthorized /client/projects link

📌 Test Group 2: Issues #38 & #39 (Zero Dummy / Fake Auto-Seeding Data)
  ✅ PASS: WorkspaceKanbanPage has no seedInitialTasks or proj-demo-1 fallback
  ✅ PASS: SymbioteWorkspacePage has no fake greeting or dummy update auto-seeding
  ✅ PASS: Client TimeTrackingPage has no seedSampleTimeEntries
  ✅ PASS: SymbioteTimeTrackingPage has no handleSeedDemoData or Load Sample Data button
  ✅ PASS: NotificationsFeedPage has no DEFAULT_SEED_NOTIFICATIONS

📌 Test Group 3: Issue #21 (Stopwatch Timer & Task Atomic Hours Sync)
  ✅ PASS: WorkspaceTask type definition supports actualTotalHours
  ✅ PASS: createTimeEntry updates actualHours & actualTotalHours, and transitions todo to in_progress
  ✅ PASS: deleteTimeEntry updates and rolls back task actualHours and actualTotalHours
  ✅ PASS: Kanban cards render actualHours or actualTotalHours fallback

📌 Test Group 4: Issue #19 (One-Way Rating & Specialist Profile Sync)
  ✅ PASS: createReview calculates average and updates freelancer rating and reviewsCount in users collection

📌 Test Group 5: Issue #32 (Clean Raw Technical UUIDs from Admin Modal)
  ✅ PASS: ProjectOversightPage modal header and footer do not render raw ID strings

📌 Test Group 6: Documentation Integrity (BUGS_AND_ISSUES_TRACKER.md)
  ✅ PASS: BUGS_AND_ISSUES_TRACKER.md records all 5 fixes accurately with verified status

📌 Test Group 7: Issue #51 (Password Eye Icon, Autofill Collision & Phone Sanitization)
  ✅ PASS: PasswordInput renders Eye when hidden, EyeOff when visible
  ✅ PASS: handlePhoneKeyDown keystroke interceptor blocks alphabetic characters
  ✅ PASS: SignupPage and Settings pages prevent browser autofill collisions and bind handlePhoneKeyDown

📌 Test Group 8: Phase 1 Data Isolation & Search Scoping
  ✅ PASS: projects.ts exports subscribeToSearchProjects with role-based partitioning
  ✅ PASS: GlobalSearchBar uses subscribeToSearchProjects, indexes status, and routes safely
  ✅ PASS: SymbioteTimeTrackingPage has no all-projects fallback and shows No active assigned projects
  ✅ PASS: LoginPage maintains eye toggle standards, form autocomplete, and role-based redirect

📌 Test Group 9: Phase 2 Route Ownership Guards & 403 Barriers
  ✅ PASS: ProjectDetailsPage enforces isOwner check, guards subcollections, and renders 403 Access Denied
  ✅ PASS: SymbioteWorkspacePage enforces isAssigned check, project-scoped time, and renders 403 Access Denied

📌 Test Group 10: Phase 3 Backend Security Rules & Query Scoping
  ✅ PASS: firestore.rules defines isProjectParticipant and guards workspaces, applications, files, and contracts
  ✅ PASS: SymbioteBrowseProjectsPage uses subscribeToOpenProjects without full-collection leak
  ✅ PASS: SymbioteDashboardPage uses subscribeToProjectsBySymbiote without full-collection leak
  ✅ PASS: ClientProjectsPage removes unauthenticated full-collection subscription fallback
  ✅ PASS: projectFiles.ts uses scoped server queries for client files subscription

📌 Test Group 11: Issue #55 (Global Top Bar Search Deactivation & Hidden State)
  ✅ PASS: PortalShell top bar does NOT render GlobalSearchBar across portals
  ✅ PASS: GlobalSearchBar component short-circuits and returns null when hidden
  ✅ PASS: BUGS_AND_ISSUES_TRACKER.md records Issue #55 with verified status

📌 Test Group 12: Issue #56 (Freelancer Sidebar Profile & Settings Deduplication)
  ✅ PASS: PortalShell navItems.symbiote does NOT include redundant My Profile or Settings in sidebar
  ✅ PASS: PortalShell preserves Edit Profile and Settings inside top-right user dropdown for all roles
  ✅ PASS: BUGS_AND_ISSUES_TRACKER.md records Issue #56 with verified status

📌 Test Group 13: Issue #57 (One-Way Review Architecture & Placeholder Purge)
  ✅ PASS: SymbioteReviewsPage does NOT contain Leave a Client Review or Roadmap Note placeholders
  ✅ PASS: SymbioteReviewsPage uses a balanced 2-column metrics layout for Overall and Category ratings
  ✅ PASS: BUGS_AND_ISSUES_TRACKER.md records Issue #57 with verified status

📌 Test Group 14: Issue #58 (Messaging Voice Note Placeholder Purge)
  ✅ PASS: MessagingPage does NOT render Voice Note mic button or coming soon placeholder
  ✅ PASS: SymbioteMessagingPage does NOT render Voice Note mic button or coming soon placeholder
  ✅ PASS: BUGS_AND_ISSUES_TRACKER.md records Issue #58 with verified status

📌 Test Group 15: Issue #59 (Dev Role Switcher & Sidebar Links Removal)
  ✅ PASS: App.tsx does NOT import or render DevRoleSwitcher
  ✅ PASS: PortalShell does NOT render dev role switch links or roleSwitchToast banner
  ✅ PASS: BUGS_AND_ISSUES_TRACKER.md records Issue #59 with verified status

📌 Test Group 16: Issue #60 (Freelancer Invoices Real Client Resolution & Zero Dummy Fallbacks)
  ✅ PASS: SymbioteInvoicesPage does NOT contain hardcoded Orbics Client or client-default fallbacks
  ✅ PASS: SymbioteInvoicesPage imports getUserProfile and dynamically resolves genuine client user profiles
  ✅ PASS: SymbioteWorkspacePage and adminProjects do NOT contain hardcoded Orbics Client fallbacks
  ✅ PASS: SymbioteTimeTrackingPage does NOT contain client-default dummy fallback string
  ✅ PASS: BUGS_AND_ISSUES_TRACKER.md records Issue #60 with verified status

📌 Test Group 17: Issue #61 (Portal Sidebar Logo Dashboard Redirection)
  ✅ PASS: PortalShell wraps SyncSphereLogo in a Link targeting roleConfig.defaultPath
  ✅ PASS: BUGS_AND_ISSUES_TRACKER.md records Issue #61 with verified status

📌 Test Group 18: Issue #62 (Freelancer Sidebar Redundant Workspace Link Removal)
  ✅ PASS: PortalShell navItems.symbiote does NOT contain redundant Workspace link
  ✅ PASS: PortalShell symbiote projects route active state covers workspace sub-routes
  ✅ PASS: BUGS_AND_ISSUES_TRACKER.md records Issue #62 with verified status

📌 Test Group 19: Issue #63 (Guard Leave Specialist Review in MilestonesTab)
  ✅ PASS: MilestonesTab guards Leave Specialist Review with isClient && !isSpecialist check
  ✅ PASS: BUGS_AND_ISSUES_TRACKER.md records Issue #63 with verified status

📌 Test Group 20: Issue #64 (Accurate Milestone Progress Calculation in ProjectProgressTab)
  ✅ PASS: ProjectProgressTab calculates milestone pct strictly based on tasks and not m.completed fallback
  ✅ PASS: ProjectProgressTab displays No Tasks indicator and 0% for milestones without tasks
  ✅ PASS: BUGS_AND_ISSUES_TRACKER.md records Issue #64 with verified status

📌 Test Group 21: Issue #65 (Full 12-Month Range in Freelancer Monthly Earnings Chart)
  ✅ PASS: SymbioteDashboardPage monthsMap includes all 12 calendar months
  ✅ PASS: SymbioteDashboardPage XAxis has interval={0} to render all 12 ticks
  ✅ PASS: BUGS_AND_ISSUES_TRACKER.md records Issue #65 with verified status

📌 Test Group 22: Issue #66 (Real First Invoices INV-2026-001 Render in SymbioteInvoicesPage)
  ✅ PASS: SymbioteInvoicesPage does NOT filter out inv.invoiceNumber === INV-2026-001
  ✅ PASS: SymbioteInvoicesPage preserves mock project filtering while allowing real sequential invoices
  ✅ PASS: BUGS_AND_ISSUES_TRACKER.md records Issue #66 with verified status

📌 Test Group 23: Issue #67 (Admin User Management Search, Clean ID, Row Actions & Bulk Toggles)
  ✅ PASS: UserManagementPage does NOT contain User ID column or u.userIdLabel
  ✅ PASS: UserManagementPage includes clickable User Name and dedicated row-level Actions column
  ✅ PASS: UserManagementPage features smart dynamic bulk actions toolbar without misleading buttons
  ✅ PASS: adminUsers.ts searches across name, email, and role and bypasses limit during search
  ✅ PASS: BUGS_AND_ISSUES_TRACKER.md records Issue #67 with verified status

📌 Test Group 24: Issue #68 (Platform-Wide Role Nomenclature Standardization to Client | Freelancer | Admin)
  ✅ PASS: UserManagementPage standardizes role filter and badges to Client, Freelancer, Admin
  ✅ PASS: PortalShell standardizes Client Portal title and role badge pills to Client, Freelancer, Admin
  ✅ PASS: ProjectOversightPage standardizes headers, search and modal to Client and Freelancers
  ✅ PASS: AdminDashboardPage and AddUserModal standardize labels to Clients and Freelancers
  ✅ PASS: Client TimeTrackingPage, InvoiceManagementPage, and FindTalentPage use Freelancer standard
  ✅ PASS: BUGS_AND_ISSUES_TRACKER.md records Issue #68 with verified status

📌 Test Group 25: Issue #69 (Admin User Detail Page Technical ID Cleanup, Password Reset Anti-Pattern & Hard Delete Removal)
  ✅ PASS: UserDetailPage does not contain formattedUserId or artificial ID labels
  ✅ PASS: UserDetailPage does not contain Reset Password or Delete buttons or dialogs
  ✅ PASS: UserDetailPage retains Mark Inactive and Mark Active moderation actions
  ✅ PASS: UserDetailPage preserves Plan: Free pending upcoming subscription feature
  ✅ PASS: BUGS_AND_ISSUES_TRACKER.md records Issue #69 with verified status

📌 Test Group 26: Issue #70 (Platform Monitoring Page Purge of Hardware Placeholders & 100% Real Health Diagnostics)
  ✅ PASS: PlatformMonitoringPage does not contain CPU, Memory, or API Throughput hardware placeholders
  ✅ PASS: PlatformMonitoringPage serviceMatrix does not contain unmonitored entries
  ✅ PASS: PlatformMonitoringPage features genuine telemetry and latency rating indicators
  ✅ PASS: adminMonitoring.ts returns clean empty array when no real error logs exist
  ✅ PASS: BUGS_AND_ISSUES_TRACKER.md records Issue #70 with verified status

📌 Test Group 27: Issue #71 (Audit Logs Table Transformation: Purge of Fake IPs, 5 Clean Columns & User Profiles)
  ✅ PASS: AuditLogsPage does not contain fake IP Address or raw Target ID columns in table header
  ✅ PASS: AuditLogsPage features the 5 standardized professional columns
  ✅ PASS: AuditLogsPage resolves target users and renders profile links
  ✅ PASS: BUGS_AND_ISSUES_TRACKER.md records Issue #71 with verified status

📌 Test Group 28: Issue #72 (Platform Monitoring Visual Bar Redesign & Dev Tool Purge)
  ✅ PASS: PlatformMonitoringPage does NOT contain Email Diagnostic test form or mailinator input
  ✅ PASS: PlatformMonitoringPage does NOT contain duplicate terminal Live Audit Stream widget
  ✅ PASS: PlatformMonitoringPage features visual progress bars and all 5 architectural core service pillars
  ✅ PASS: ADMIN_PORTAL.md and BUGS_AND_ISSUES_TRACKER.md record Issue #72 with verified status

📌 Test Group 29: Issue #73 (Reports Center Real Multi-Format Export Engine)
  ✅ PASS: adminReports.ts exports exportReportToPdf and utilizes jsPDF
  ✅ PASS: ReportsCenterPage.tsx handles real PDF export and format-specific downloads
  ✅ PASS: ReportsCenterPage.tsx does NOT contain unconfigured PDF pipeline warning or misleading notice banner
  ✅ PASS: BUGS_AND_ISSUES_TRACKER.md records Issue #73 with verified status

📌 Test Group 30: Issue #74 (Admin Settings Consolidation into 4 Clean Real Tabs)
  ✅ PASS: AdminSettingsPage mounts exactly the 3 clean real tabs and excludes obsolete mockup tabs
  ✅ PASS: Obsolete admin settings component files are completely removed from filesystem
  ✅ PASS: AdminProfileTab.tsx is dedicated to Super Admin credentials with zero client/freelancer bio fields
  ✅ PASS: PlatformOperationsTab.tsx provides persistent Marketplace Economics, Plans & Subscriptions, and Maintenance Mode
  ✅ PASS: SecurityPolicyTab.tsx features password complexity, email verification status, and cryptographic session integrity
  ✅ PASS: ADMIN_PORTAL.md and BUGS_AND_ISSUES_TRACKER.md record Issue #74 with verified status

📌 Test Group 31: Issue #75 (100% Escrow Removal, AI Matching Score Filter & SaaS Monetization)
  ✅ PASS: PlatformOperationsTab.tsx contains zero escrow references and features SaaS Plans & Subscriptions
  ✅ PASS: SecurityPolicyTab and AdminSettingsPage contain zero escrow references
  ✅ PASS: ContractSigningModal and InvoiceManagementPage contain zero escrow references
  ✅ PASS: AIMatchingPage.tsx imports platform settings and filters candidates using minScoreThreshold
  ✅ PASS: server/routes/ai.routes.ts does NOT contain hardcoded matchScore: 91 fallback
  ✅ PASS: server/stripeService.ts contains zero escrow references and records direct milestone settlements
  ✅ PASS: ADMIN_PORTAL.md and BUGS_AND_ISSUES_TRACKER.md record Issue #75 with verified status

📌 Test Group 32: Issue #76 (Admin Profile Route Decoupling & Navigation Cleanup)
  ✅ PASS: App.tsx redirects admin profile and profile/edit to /admin/settings
  ✅ PASS: PortalShell.tsx routes admin to /admin/settings from sidebar card and dropdown menu
  ✅ PASS: EditProfilePage.tsx guards against admin role access
  ✅ PASS: BUGS_AND_ISSUES_TRACKER.md records Issue #76 with verified status

📌 Test Group 33: Comprehensive Regression & Edge Case Verification
  ✅ PASS: Edge Case 1: computeFallbackMatches accurately awards high score (>=75%) to matching candidate
  ✅ PASS: Edge Case 2: computeFallbackMatches strictly disqualifies completely unrelated candidate (<=15%)
  ✅ PASS: Edge Case 3: computeFallbackMatches handles empty skills array by extracting keywords from project title
  ✅ PASS: Edge Case 4: computeFallbackMatches gracefully handles malformed/dirty skills with zero errors
  ✅ PASS: Edge Case 5: server/routes/ai.routes.ts includes anti-hallucination prompt rules and post-processing clamp
  ✅ PASS: Edge Case 6: AdminSettingsPage safely supports URL searchParams and provides fallback for unknown/legacy tabs
  ✅ PASS: Edge Case 7: EditProfilePage immediately blocks rendering client profile fields for admin role
  ✅ PASS: Edge Case 8: AIMatchingPage clamps minScoreThreshold and sanitizes skill arrays

📌 Test Group 34: Issue #0.7 (Dynamic Per-Task Settlement Alignment & Cumulative Spent Tracking)
  ✅ PASS: src/types/firestore.ts defines totalSpent and totalSettledTasks in Project interface
  ✅ PASS: approveTaskByClient in workspace.ts atomically accumulates totalSpent and totalSettledTasks
  ✅ PASS: CreateProjectStep2Page has removed arbitrary rate/budget boxes and focuses purely on timeline
  ✅ PASS: ProjectHeader and OverviewTab purge hardcoded $15,000 Total and weeklyCommitment 40 hrs
  ✅ PASS: OverviewTab and SymbioteOverviewTab render real cumulative spend figures
  ✅ PASS: ClientProjectsPage tracks and renders Total Spent So Far across all metrics
  ✅ PASS: adminProjects.ts and ProjectOversightPage prioritize totalSpent for Admin oversight
  ✅ PASS: BUGS_AND_ISSUES_TRACKER.md records Issue #0.7 with verified status

📌 Test Group 35: Issue #0.8 (Platform-Wide Hardcoded Fallbacks & Disconnected DB Purge)
  ✅ PASS: ClientDashboardPage purges hardcoded fake months, dumps, matchScore and connects real time_entries
  ✅ PASS: FilesAndDocsPage and FindTalentPage purge hardcoded amounts, fake skills and dummy domains
  ✅ PASS: SecuritySettingsPage and SymbioteSettingsPage implement dynamic browser session detection
  ✅ PASS: BillingSettingsPage, SymbioteDashboardPage and SymbioteEarningsPage purge fake values
  ✅ PASS: Admin platform stats, live reports, monitoring, ApprovalsQueue and workspace are dynamically connected
  ✅ PASS: BUGS_AND_ISSUES_TRACKER.md records Issue #0.8 with verified status

📌 Test Group 36: Issue #0.9 (Milestone Phases Grounding & Cumulative Spend Auto-Sync)
  ✅ PASS: OverviewTab.tsx does NOT contain hardcoded Phase 1 or Phase 2 strings
  ✅ PASS: OverviewTab.tsx subscribes to real workspace milestones and renders clean empty state when none exist
  ✅ PASS: workspace.ts syncProjectCompletionAndProgress auto-calculates and backfills totalSpent
  ✅ PASS: ClientProjectsPage.tsx imports and triggers syncProjectCompletionAndProgress auto-healing
  ✅ PASS: BUGS_AND_ISSUES_TRACKER.md records Issue #0.9 with verified status

====================================================
📊 Test Summary: 140/141 Passed (99%)
====================================================
